// Jest Snapshot v1, https://goo.gl/fbAQLP

exports[`<LayoutGridGallery/> Should render with background set 1`] = `
.c2 {
  margin-bottom: 4.8rem;
}

.c5 {
  display: grid;
  grid-template-columns: repeat(auto-fill,minmax(250px,1fr));
  gap: 2.4rem;
}

.c6 {
  overflow: hidden;
  height: -webkit-fit-content;
  height: -moz-fit-content;
  height: fit-content;
}

.c6:hover > img {
  -webkit-transition: all 0.3s ease-in-out;
  transition: all 0.3s ease-in-out;
  -webkit-transform: scale(1.2) rotate(9deg);
  -ms-transform: scale(1.2) rotate(9deg);
  transform: scale(1.2) rotate(9deg);
}

.c6 img {
  pointer-events: none;
  max-width: 100%;
}

.c3 {
  color: #FFF;
  text-transform: uppercase;
  font-size: 4.8rem;
}

.c4 {
  font-size: 1.6rem;
  color: #FFF;
}

.c1 {
  max-width: 120rem;
  margin: 0 auto;
  padding: 3.2rem;
}

.c0 {
  min-height: 100vh;
  display: -webkit-box;
  display: -webkit-flex;
  display: -ms-flexbox;
  display: flex;
  -webkit-align-items: center;
  -webkit-box-align: center;
  -ms-flex-align: center;
  align-items: center;
  background-color: #FFF;
  color: #0A1128;
  background-color: #0A1128;
  color: #FFF;
}

@media (max-width:768px) {
  .c3 {
    font-size: 4.8rem;
  }
}

<div
  class="c0"
>
  <div
    class="c1"
  >
    <div
      class="c2"
    >
      <h2
        class="c3"
      >
        My grid gallery
      </h2>
      <p
        class="c4"
      >
        Aqui vai ter várias imagens e coisas legais ablublé ablubléablubléablubléablubléablubléablublé.....
      </p>
    </div>
    <div
      class="c5"
    >
      <div
        class="c6"
      >
        <img
          alt="imagem 1"
          src="https://source.unsplash.com/random/800x800?r=1"
        />
      </div>
      <div
        class="c6"
      >
        <img
          alt="imagem 2"
          src="https://source.unsplash.com/random/800x800?r=2"
        />
      </div>
      <div
        class="c6"
      >
        <img
          alt="imagem 3"
          src="https://source.unsplash.com/random/800x800?r=3"
        />
      </div>
      <div
        class="c6"
      >
        <img
          alt="imagem 4"
          src="https://source.unsplash.com/random/800x800?r=4"
        />
      </div>
      <div
        class="c6"
      >
        <img
          alt="imagem 5"
          src="https://source.unsplash.com/random/800x800?r=5"
        />
      </div>
      <div
        class="c6"
      >
        <img
          alt="imagem 6"
          src="https://source.unsplash.com/random/800x800?r=6"
        />
      </div>
    </div>
  </div>
</div>
`;
