// Jest Snapshot v1, https://goo.gl/fbAQLP

exports[`<Heading /> Should match snapshot 1`] = `
.c0 {
  color: #0A1128;
  text-transform: none;
  margin-bottom: 3.2rem;
  font-size: 3.2rem;
}

@media (max-width:768px) {
  .c0 {
    font-size: 3.2rem;
  }
}

<h1
  class="c0"
>
  SNAP
</h1>
`;
