// Jest Snapshot v1, https://goo.gl/fbAQLP

exports[`<MenuNav /> should match snapshot 1`] = `
.c1 {
  display: inline-block;
  -webkit-text-decoration: none;
  text-decoration: none;
  position: relative;
  font-size: 1.6rem;
  padding: 1.6rem;
  color: #0A1128;
}

.c1::after {
  content: '';
  position: absolute;
  bottom: 1rem;
  left: 50%;
  width: 0;
  height: 0.2rem;
  background-color: #DC143C;
  -webkit-transition: all 300ms ease-in-out;
  transition: all 300ms ease-in-out;
}

.c1:hover::after {
  left: 25%;
  width: 50%;
}

.c0 {
  display: -webkit-box;
  display: -webkit-flex;
  display: -ms-flexbox;
  display: flex;
  -webkit-flex-flow: row wrap;
  -ms-flex-flow: row wrap;
  flex-flow: row wrap;
}

@media (max-width:768px) {
  .c0 {
    -webkit-flex-flow: column nowrap;
    -ms-flex-flow: column nowrap;
    flex-flow: column nowrap;
    -webkit-align-items: center;
    -webkit-box-align: center;
    -ms-flex-align: center;
    align-items: center;
  }
}

<nav
  aria-label="Main menu"
  class="c0"
>
  <a
    class="c1"
    href="https://www.google.com.br"
    target="_blank"
  >
    Google
  </a>
  <a
    class="c1"
    href="https://youtube.com"
    target="_blank"
  >
    YouTube
  </a>
  <a
    class="c1"
    href="https://github.com/fillipe-miguel"
    target="_self"
  >
    My GitHub
  </a>
  <a
    class="c1"
    href="https://www.tiktok.com/pt-BR/"
    target="_blank"
  >
    TikTok
  </a>
  <a
    class="c1"
    href="https://www.udemy.com/"
    target="_blank"
  >
    Udemy
  </a>
</nav>
`;
