// Jest Snapshot v1, https://goo.gl/fbAQLP

exports[`<LayoutCenterContent /> Should render with background set 1`] = `
.c2 {
  text-align: center;
  max-width: 58rem;
  margin: 0 auto;
}

.c4 {
  margin-top: 3.2rem;
  text-align: justify;
}

.c4 h1,
.c4 h2,
.c4 h3,
.c4 h4,
.c4 h5,
.c4 h6 {
  text-align: center;
}

.c3 {
  color: #0A1128;
  text-transform: uppercase;
  font-size: 6.4rem;
}

.c5 {
  font-size: 1.6rem;
  color: #0A1128;
}

.c5 p {
  margin: 2.4rem 0;
}

.c5 a {
  font-weight: bolder;
  color: #DC143C;
}

.c5 a:hover {
  -webkit-text-decoration: underline;
  text-decoration: underline;
}

.c5 h1,
.c5 h2,
.c5 h3,
.c5 h4,
.c5 h5,
.c5 h6 {
  margin: 1.6rem 0;
}

.c5 ol,
.c5 ul {
  margin: 1.6rem;
}

.c5 ol > li,
.c5 ul > li {
  margin: 1.6rem 0;
  font-style: italic;
}

.c1 {
  max-width: 120rem;
  margin: 0 auto;
  width: 100%;
  padding: 3.2rem;
}

.c0 {
  min-height: 100vh;
  display: -webkit-box;
  display: -webkit-flex;
  display: -ms-flexbox;
  display: flex;
  -webkit-align-items: center;
  -webkit-box-align: center;
  -ms-flex-align: center;
  align-items: center;
  background-color: #FFF;
  color: #0A1128;
}

@media (max-width:768px) {
  .c3 {
    font-size: 4rem;
  }
}

@media (max-width:768px) {
  .c1 {
    padding-inline: 1.6rem;
  }
}

<div
  class="c0"
>
  <div
    class="c1"
  >
    <div
      class="c2"
    >
      <h2
        class="c3"
      >
        Layout Center
      </h2>
      <div
        class="c4"
      >
        <div
          class="c5"
        >
          
  
          <p>
            <strong>
              Pellentesque habitant morbi tristique
            </strong>
             senectus et netus et malesuada fames ac turpis egestas. Vestibulum tortor quam, feugiat vitae, ultricies eget, tempor sit amet, ante. Donec eu libero sit amet quam egestas semper. 
            <em>
              Aenean ultricies mi vitae est.
            </em>
             Mauris placerat eleifend leo. Quisque sit amet est et sapien ullamcorper pharetra. Vestibulum erat wisi, condimentum sed, 
            <code>
              commodo vitae
            </code>
            , ornare sit amet, wisi. Aenean fermentum, elit eget tincidunt condimentum, eros ipsum rutrum orci, sagittis tempus lacus enim ac dui. 
            <a
              href="#"
            >
              Donec non enim
            </a>
             in turpis pulvinar facilisis. Ut felis.
          </p>
          

  
          <h2>
            Header Level 2
          </h2>
          

  
          <ol>
            
     
            <li>
              Lorem ipsum dolor sit amet, consectetuer adipiscing elit.
            </li>
            
     
            <li>
              Aliquam tincidunt mauris eu risus.
            </li>
            
  
          </ol>
          

  
          <blockquote>
            <p>
              Lorem ipsum dolor sit amet, consectetur adipiscing elit. Vivamus magna. Cras in mi at felis aliquet congue. Ut a est eget ligula molestie gravida. Curabitur massa. Donec eleifend, libero at sagittis mollis, tellus est malesuada tellus, at luctus turpis elit sit amet quam. Vivamus pretium ornare est.
            </p>
          </blockquote>
          

  
          <h3>
            Header Level 3
          </h3>
          

  
          <ul>
            
     
            <li>
              Lorem ipsum dolor sit amet, consectetuer adipiscing elit.
            </li>
            
     
            <li>
              Aliquam tincidunt mauris eu risus.
            </li>
            
  
          </ul>
        </div>
      </div>
    </div>
  </div>
</div>
`;
