// Jest Snapshot v1, https://goo.gl/fbAQLP

exports[`<LogoLink/> should match snapshot 1`] = `
.c0 {
  display: -webkit-box;
  display: -webkit-flex;
  display: -ms-flexbox;
  display: flex;
  -webkit-box-pack: center;
  -webkit-justify-content: center;
  -ms-flex-pack: center;
  justify-content: center;
  max-height: 8rem;
  width: 20rem;
}

.c1 {
  color: #0A1128;
  text-transform: uppercase;
  margin-bottom: 3.2rem;
  font-size: 2.4rem;
}

@media (max-width:768px) {
  .c1 {
    font-size: 2.4rem;
  }
}

<a
  class="c0"
  href="#"
>
  <h2
    class="c1"
  >
    Meu TÃ­tulo com imagem
  </h2>
</a>
`;
